lint	Run golangci/golangci-lint-action@1e7e51e771db61008b38414a730f564565cf7c20	﻿2026-04-15T07:44:05.3015988Z ##[group]Run golangci/golangci-lint-action@1e7e51e771db61008b38414a730f564565cf7c20
lint	Run golangci/golangci-lint-action@1e7e51e771db61008b38414a730f564565cf7c20	2026-04-15T07:44:05.3016431Z with:
lint	Run golangci/golangci-lint-action@1e7e51e771db61008b38414a730f564565cf7c20	2026-04-15T07:44:05.3016605Z   version: v2.11.4
lint	Run golangci/golangci-lint-action@1e7e51e771db61008b38414a730f564565cf7c20	2026-04-15T07:44:05.3016809Z   install-mode: binary
lint	Run golangci/golangci-lint-action@1e7e51e771db61008b38414a730f564565cf7c20	2026-04-15T07:44:05.3017014Z   install-only: false
lint	Run golangci/golangci-lint-action@1e7e51e771db61008b38414a730f564565cf7c20	2026-04-15T07:44:05.3017371Z   github-token: ***
lint	Run golangci/golangci-lint-action@1e7e51e771db61008b38414a730f564565cf7c20	2026-04-15T07:44:05.3017573Z   verify: true
lint	Run golangci/golangci-lint-action@1e7e51e771db61008b38414a730f564565cf7c20	2026-04-15T07:44:05.3017769Z   only-new-issues: false
lint	Run golangci/golangci-lint-action@1e7e51e771db61008b38414a730f564565cf7c20	2026-04-15T07:44:05.3017991Z   skip-cache: false
lint	Run golangci/golangci-lint-action@1e7e51e771db61008b38414a730f564565cf7c20	2026-04-15T07:44:05.3018186Z   skip-save-cache: false
lint	Run golangci/golangci-lint-action@1e7e51e771db61008b38414a730f564565cf7c20	2026-04-15T07:44:05.3018425Z   cache-invalidation-interval: 7
lint	Run golangci/golangci-lint-action@1e7e51e771db61008b38414a730f564565cf7c20	2026-04-15T07:44:05.3018666Z   problem-matchers: false
lint	Run golangci/golangci-lint-action@1e7e51e771db61008b38414a730f564565cf7c20	2026-04-15T07:44:05.3018877Z env:
lint	Run golangci/golangci-lint-action@1e7e51e771db61008b38414a730f564565cf7c20	2026-04-15T07:44:05.3019042Z   GOEXPERIMENT: jsonv2
lint	Run golangci/golangci-lint-action@1e7e51e771db61008b38414a730f564565cf7c20	2026-04-15T07:44:05.3019247Z   GOTOOLCHAIN: local
lint	Run golangci/golangci-lint-action@1e7e51e771db61008b38414a730f564565cf7c20	2026-04-15T07:44:05.3019441Z ##[endgroup]
lint	Run golangci/golangci-lint-action@1e7e51e771db61008b38414a730f564565cf7c20	2026-04-15T07:44:05.4405629Z ##[group]Restore cache
lint	Run golangci/golangci-lint-action@1e7e51e771db61008b38414a730f564565cf7c20	2026-04-15T07:44:05.4409613Z Checking for go.mod: go.mod
lint	Run golangci/golangci-lint-action@1e7e51e771db61008b38414a730f564565cf7c20	2026-04-15T07:44:05.4414918Z (node:2349) [DEP0040] DeprecationWarning: The `punycode` module is deprecated. Please use a userland alternative instead.
lint	Run golangci/golangci-lint-action@1e7e51e771db61008b38414a730f564565cf7c20	2026-04-15T07:44:05.4415897Z (Use `node --trace-deprecation ...` to show where the warning was created)
lint	Run golangci/golangci-lint-action@1e7e51e771db61008b38414a730f564565cf7c20	2026-04-15T07:44:05.5757050Z Cache hit for restore-key: golangci-lint.cache-Linux-2936-7ae1deafd50a43f666ef57cd1eb1f788fe82221d
lint	Run golangci/golangci-lint-action@1e7e51e771db61008b38414a730f564565cf7c20	2026-04-15T07:44:05.5857236Z (node:2349) [DEP0169] DeprecationWarning: `url.parse()` behavior is not standardized and prone to errors that have security implications. Use the WHATWG URL API instead. CVEs are not issued for `url.parse()` vulnerabilities.
lint	Run golangci/golangci-lint-action@1e7e51e771db61008b38414a730f564565cf7c20	2026-04-15T07:44:05.6824770Z Received 392469 of 392469 (100.0%), 7.5 MBs/sec
lint	Run golangci/golangci-lint-action@1e7e51e771db61008b38414a730f564565cf7c20	2026-04-15T07:44:05.6825424Z Cache Size: ~0 MB (392469 B)
lint	Run golangci/golangci-lint-action@1e7e51e771db61008b38414a730f564565cf7c20	2026-04-15T07:44:05.6855140Z [command]/usr/bin/tar -xf /home/runner/work/_temp/412ec7b9-9955-468e-b195-32fb3dadcb95/cache.tzst -P -C /home/runner/work/jwx/jwx --use-compress-program unzstd
lint	Run golangci/golangci-lint-action@1e7e51e771db61008b38414a730f564565cf7c20	2026-04-15T07:44:05.7589569Z Cache restored successfully
lint	Run golangci/golangci-lint-action@1e7e51e771db61008b38414a730f564565cf7c20	2026-04-15T07:44:05.7594274Z Restored cache for golangci-lint from key 'golangci-lint.cache-Linux-2936-ae6f3b02e734ee2cd1c2692f6d2708fa9f5d7923' in 319ms
lint	Run golangci/golangci-lint-action@1e7e51e771db61008b38414a730f564565cf7c20	2026-04-15T07:44:05.7595497Z ##[endgroup]
lint	Run golangci/golangci-lint-action@1e7e51e771db61008b38414a730f564565cf7c20	2026-04-15T07:44:05.7595876Z ##[group]Install
lint	Run golangci/golangci-lint-action@1e7e51e771db61008b38414a730f564565cf7c20	2026-04-15T07:44:05.7597179Z Finding needed golangci-lint version...
lint	Run golangci/golangci-lint-action@1e7e51e771db61008b38414a730f564565cf7c20	2026-04-15T07:44:05.7600282Z Installation mode: binary
lint	Run golangci/golangci-lint-action@1e7e51e771db61008b38414a730f564565cf7c20	2026-04-15T07:44:05.7601562Z Installing golangci-lint binary v2.11.4...
lint	Run golangci/golangci-lint-action@1e7e51e771db61008b38414a730f564565cf7c20	2026-04-15T07:44:05.7603150Z Downloading binary https://github.com/golangci/golangci-lint/releases/download/v2.11.4/golangci-lint-2.11.4-linux-amd64.tar.gz ...
lint	Run golangci/golangci-lint-action@1e7e51e771db61008b38414a730f564565cf7c20	2026-04-15T07:44:05.9370303Z [command]/usr/bin/tar xz --overwrite --warning=no-unknown-keyword --overwrite -C /home/runner -f /home/runner/work/_temp/dcb06452-0516-4e2c-9cd5-80659f8c0665
lint	Run golangci/golangci-lint-action@1e7e51e771db61008b38414a730f564565cf7c20	2026-04-15T07:44:06.1962679Z Installed golangci-lint into /home/runner/golangci-lint-2.11.4-linux-amd64/golangci-lint in 436ms
lint	Run golangci/golangci-lint-action@1e7e51e771db61008b38414a730f564565cf7c20	2026-04-15T07:44:06.1966929Z ##[endgroup]
lint	Run golangci/golangci-lint-action@1e7e51e771db61008b38414a730f564565cf7c20	2026-04-15T07:44:06.1970047Z ##[group]run golangci-lint
lint	Run golangci/golangci-lint-action@1e7e51e771db61008b38414a730f564565cf7c20	2026-04-15T07:44:06.1974444Z Running [/home/runner/golangci-lint-2.11.4-linux-amd64/golangci-lint config path] in [/home/runner/work/jwx/jwx] ...
lint	Run golangci/golangci-lint-action@1e7e51e771db61008b38414a730f564565cf7c20	2026-04-15T07:44:06.2827332Z Running [/home/runner/golangci-lint-2.11.4-linux-amd64/golangci-lint config verify] in [/home/runner/work/jwx/jwx] ...
lint	Run golangci/golangci-lint-action@1e7e51e771db61008b38414a730f564565cf7c20	2026-04-15T07:44:06.4540771Z Running [/home/runner/golangci-lint-2.11.4-linux-amd64/golangci-lint run] in [/home/runner/work/jwx/jwx] ...
lint	Run golangci/golangci-lint-action@1e7e51e771db61008b38414a730f564565cf7c20	2026-04-15T07:44:31.7575585Z ##[error]jwe/jwe.go:63:7: minmax: if statement can be modernized using max (modernize)
lint	Run golangci/golangci-lint-action@1e7e51e771db61008b38414a730f564565cf7c20	2026-04-15T07:44:31.7583967Z 			if v < 0 {
lint	Run golangci/golangci-lint-action@1e7e51e771db61008b38414a730f564565cf7c20	2026-04-15T07:44:31.7584271Z 			   ^
lint	Run golangci/golangci-lint-action@1e7e51e771db61008b38414a730f564565cf7c20	2026-04-15T07:44:31.7584485Z 1 issues:
lint	Run golangci/golangci-lint-action@1e7e51e771db61008b38414a730f564565cf7c20	2026-04-15T07:44:31.7584689Z * modernize: 1
lint	Run golangci/golangci-lint-action@1e7e51e771db61008b38414a730f564565cf7c20	2026-04-15T07:44:31.7584829Z 
lint	Run golangci/golangci-lint-action@1e7e51e771db61008b38414a730f564565cf7c20	2026-04-15T07:44:31.7585147Z level=warning msg="[runner/nolint_filter] Found unknown linters in //nolint directives: golint"
lint	Run golangci/golangci-lint-action@1e7e51e771db61008b38414a730f564565cf7c20	2026-04-15T07:44:31.7585525Z 
lint	Run golangci/golangci-lint-action@1e7e51e771db61008b38414a730f564565cf7c20	2026-04-15T07:44:31.7595955Z ##[error]issues found
lint	Run golangci/golangci-lint-action@1e7e51e771db61008b38414a730f564565cf7c20	2026-04-15T07:44:31.7596851Z Ran golangci-lint in 25301ms
lint	Run golangci/golangci-lint-action@1e7e51e771db61008b38414a730f564565cf7c20	2026-04-15T07:44:31.7597330Z ##[endgroup]
